CREATE level_1_1
CREATE level_1_2
CREATE level_1_3
CREATE level_1_4
CREATE level_1_5
CREATE level_1_6
CREATE level_1_7
CREATE level_1_8
CREATE level_1_9
CREATE level_1_10
CREATE level_1_11
CREATE level_1_12
CREATE level_1_13
CREATE level_1_14
CREATE level_1_15
CREATE level_1_16
CREATE level_1_17
CREATE level_1_18
CREATE level_1_19
CREATE level_1_20
CREATE level_1_21
CREATE level_1_22
CREATE level_1_23
CREATE level_1_24
CREATE level_1_25
CREATE level_1_26
CREATE level_1_27
CREATE level_1_28
CREATE level_1_29
CREATE level_1_30
CREATE level_1_31
CREATE level_1_32
CREATE level_1_33
CREATE level_1_34
CREATE level_1_35
CREATE level_1_36
CREATE level_1_37
CREATE level_1_38
CREATE level_1_39
CREATE level_1_40
CREATE level_1_41
CREATE level_1_42
CREATE level_1_43
CREATE level_1_44
CREATE level_1_45
CREATE level_1_46
CREATE level_1_47
CREATE level_1_48
CREATE level_1_49
CREATE level_1_50
CREATE level_1_51
CREATE level_1_52
CREATE level_1_53
CREATE level_1_54
CREATE level_1_55
CREATE level_1_56
CREATE level_1_57
CREATE level_1_58
CREATE level_1_59
CREATE level_1_60
CREATE level_1_61
CREATE level_1_62
CREATE level_1_63
CREATE level_1_64
CREATE level_1_65
CREATE level_1_66
CREATE level_1_67
CREATE level_1_68
CREATE level_1_69
CREATE level_1_70
CREATE level_1_71
CREATE level_1_72
CREATE level_1_73
CREATE level_1_74
CREATE level_1_75
CREATE level_1_76
CREATE level_1_77
CREATE level_1_78
CREATE level_1_79
CREATE level_1_80
CREATE level_1_81
CREATE level_1_82
CREATE level_1_83
CREATE level_1_84
CREATE level_1_85
CREATE level_1_86
CREATE level_1_87
CREATE level_1_88
CREATE level_1_89
CREATE level_1_90
CREATE level_1_91
CREATE level_1_92
CREATE level_1_93
CREATE level_1_94
CREATE level_1_95
CREATE level_1_96
CREATE level_1_97
CREATE level_1_98
CREATE level_1_99
CREATE level_1_100
