CREATE level_1_1/level_2_1
Cannot create level_1_1/level_2_1 - level_1_1 does not exist
